[2J[?25l[1;1H           2017/07/13 19:40:00.000 -0700
[2;1Hxxxxxxxxxxxxxxxxxxxxxxxxxxxxxxxxxxxxxxxx
[3;1Hxxxxxxxxxxxxxxxxxxxxxxxxxxxxxxxxxxxxxxxx
[4;1Hxxxxxxxxxxxxxxxxxxxxxxxxxxxxxxxxxxxxxxxx
[5;1Hxxxxxxxxxxxxxxxxxxxxxxxxxxxxxxxxxxxxxxxx