[2J[?25l[1;1H           2017/07/13 19:40:00.000 -0700
[2;1Hy
[3;1Hy
[4;1Hy
[5;1Hy