[2J[?25l[1;1H           2017/07/13 19:40:00.000 -0700
[2;1H„ÅÇ„ÅÇ„ÅÇ„ÅÇ„ÅÇ„ÅÇ„ÅÇ„ÅÇ„ÅÇ„ÅÇ„ÅÇ„ÅÇ„ÅÇ„ÅÇ„ÅÇ„ÅÇ„ÅÇ„ÅÇ„ÅÇ„ÅÇ
[3;1H„ÅÇ„ÅÇ„ÅÇ„ÅÇ„ÅÇ„ÅÇ„ÅÇ„ÅÇ„ÅÇ„ÅÇ„ÅÇ„ÅÇ„ÅÇ„ÅÇ„ÅÇ„ÅÇ„ÅÇ„ÅÇ„ÅÇ„ÅÇ
[4;1H„ÅÇ„ÅÇ„ÅÇ„ÅÇ„ÅÇ„ÅÇ„ÅÇ„ÅÇ„ÅÇ„ÅÇ„ÅÇ„ÅÇ„ÅÇ„ÅÇ„ÅÇ„ÅÇ„ÅÇ„ÅÇ„ÅÇ„ÅÇ
[5;1H„ÅÇ„ÅÇ„ÅÇ„ÅÇ„ÅÇ„ÅÇ„ÅÇ„ÅÇ„ÅÇ„ÅÇ„ÅÇ„ÅÇ„ÅÇ„ÅÇ„ÅÇ„ÅÇ„ÅÇ„ÅÇ„ÅÇ„ÅÇ